Input System module state changed to: Initialized.
[Physics::Module] Initialized fallback backend.
[Physics::Module] Id: 0xdecafbad
Initialize engine version: 6000.3.6f1 (bbb010bdb8a3)
[Subsystems] Discovering subsystems at path D:/SteamLibrary/steamapps/common/Car Mechanic Simulator 2026 Demo/Car Mechanic Simulator 2026 Demo_Data/UnitySubsystems
[D3D12 Device Filter] Vendor Name: NVIDIA
[D3D12 Device Filter] Device Name: NVIDIA GeForce RTX 3070
[D3D12 Device Filter] Driver Version: 32.0.16.1656
[D3D12 Device Filter] Feature Level: 12.2
[D3D12 Device Filter] Graphics Memory: 8018 MB
[D3D12 Device Filter] Processor Count: 28
[D3D12 Device Filter] Device Type: Discrete
GfxDevice: creating device client; kGfxThreadingModeClientWorkerJobs
Direct3D:
    Version:  Direct3D 11.0 [level 11.1]
    Renderer: NVIDIA GeForce RTX 3070 (ID=0x2488)
    Vendor:   NVIDIA
    VRAM:     8018 MB
    Driver:   32.0.16.1656
[Physics::Module] Selected backend.
[Physics::Module] Name: PhysX
[Physics::Module] Id: 0xf2b8ea05
[Physics::Module] SDK Version: 4.1.2
[Physics::Module] Integration Version: 1.0.0
[Physics::Module] Threading Mode: Multi-Threaded
<RI> Initializing input.
Using Windows.Gaming.Input
<RI> Input initialized.
UnloadTime: 0.311600 ms
======== System info ========
OS: Windows 11  (10.0.26340)
CPU: Intel(R) Core(TM) i7-14700KF
GPU: NVIDIA GeForce RTX 3070 8018MB
RAM: 32601
Resolution: 2560x1080
================
UnityEngine.DebugLogHandler:Internal_Log(LogType, LogOption, String, Object)
UnityEngine.DebugLogHandler:LogFormat(LogType, Object, String, Object[])
UnityEngine.Logger:Log(LogType, Object)
UnityEngine.Debug:Log(Object)
CMS.Platforms.Base.BaseSettings:AutoLowerSettingsOnLowSpec()
CMS.Platforms.Steam.<LoadSettings>d__0:MoveNext()
UnityEngine.SetupCoroutine:InvokeMoveNext(IEnumerator, IntPtr)

Unloading 5 Unused Serialized files (Serialized files now loaded: 0)
UnloadTime: 0.079400 ms
Unloading 7 unused Assets to reduce memory usage. Loaded Objects now: 5871.
Total: 2.480200 ms (FindLiveObjects: 0.147200 ms CreateObjectMapping: 0.097100 ms MarkObjects: 2.222800 ms  DeleteObjects: 0.012800 ms)

Color primaries 0 is unknown or unsupported by WindowsMediaFoundation. Falling back to default may result in color shift. D:\SteamLibrary\steamapps\common\Car Mechanic Simulator 2026 Demo\Car Mechanic Simulator 2026 Demo_Data\sharedassets1.resource
Unloading 3 Unused Serialized files (Serialized files now loaded: 0)
UnloadTime: 0.455400 ms
Unloading 2 unused Assets to reduce memory usage. Loaded Objects now: 5987.
Total: 2.828600 ms (FindLiveObjects: 0.137900 ms CreateObjectMapping: 0.066300 ms MarkObjects: 2.614700 ms  DeleteObjects: 0.009500 ms)

Color primaries 0 is unknown or unsupported by WindowsMediaFoundation. Falling back to default may result in color shift. D:\SteamLibrary\steamapps\common\Car Mechanic Simulator 2026 Demo\Car Mechanic Simulator 2026 Demo_Data\sharedassets2.resource
Unloading 2 Unused Serialized files (Serialized files now loaded: 0)
UnloadTime: 0.100600 ms
Unloading 2 unused Assets to reduce memory usage. Loaded Objects now: 5979.
Total: 2.762700 ms (FindLiveObjects: 0.209400 ms CreateObjectMapping: 0.073900 ms MarkObjects: 2.471300 ms  DeleteObjects: 0.008000 ms)

Color primaries 0 is unknown or unsupported by WindowsMediaFoundation. Falling back to default may result in color shift. D:\SteamLibrary\steamapps\common\Car Mechanic Simulator 2026 Demo\Car Mechanic Simulator 2026 Demo_Data\sharedassets3.resource
Unloading 3 Unused Serialized files (Serialized files now loaded: 0)
UnloadTime: 0.111300 ms
Unloading 2 unused Assets to reduce memory usage. Loaded Objects now: 6154.
Total: 3.555700 ms (FindLiveObjects: 0.402300 ms CreateObjectMapping: 0.087000 ms MarkObjects: 3.055000 ms  DeleteObjects: 0.011300 ms)

Unloading 5 Unused Serialized files (Serialized files now loaded: 0)
UnloadTime: 0.436400 ms
Unloading 58 unused Assets to reduce memory usage. Loaded Objects now: 6293.
Total: 3.379400 ms (FindLiveObjects: 0.153900 ms CreateObjectMapping: 0.071300 ms MarkObjects: 3.065700 ms  DeleteObjects: 0.088400 ms)

The referenced script on this Behaviour (Game Object 'Main Camera') is missing!
Unloading 6 Unused Serialized files (Serialized files now loaded: 0)
UnloadTime: 0.300900 ms
Unloading 3 unused Assets to reduce memory usage. Loaded Objects now: 36004.
Total: 5.538600 ms (FindLiveObjects: 0.655600 ms CreateObjectMapping: 0.624200 ms MarkObjects: 4.233100 ms  DeleteObjects: 0.025400 ms)

[GameDataManager] -> Load()
UnityEngine.DebugLogHandler:Internal_Log(LogType, LogOption, String, Object)
UnityEngine.DebugLogHandler:LogFormat(LogType, Object, String, Object[])
UnityEngine.Logger:Log(LogType, Object)
UnityEngine.Debug:Log(Object)
CMS.SaveSystem.<Load>d__23:MoveNext()
UnityEngine.SetupCoroutine:InvokeMoveNext(IEnumerator, IntPtr)
Cysharp.Threading.Tasks.<Core>d__4:MoveNext()
UnityEngine.SetupCoroutine:InvokeMoveNext(IEnumerator, IntPtr)
Cysharp.Threading.Tasks.EnumeratorAsyncExtensions:ToUniTask(IEnumerator, MonoBehaviour)
CMS.Scenes.Initialization.Steps.<Initialize>d__3:MoveNext()
CMS.Scenes.Initialization.Steps.SaveManagerInitializationStep:Initialize(MonoBehaviour)
CMS.Scenes.Initialization.<Initialize>d__5:MoveNext()
CMS.Scenes.Initialization.Steps.<Initialize>d__4:MoveNext()
Cysharp.Threading.Tasks.<Core>d__4:MoveNext()
UnityEngine.SetupCoroutine:InvokeMoveNext(IEnumerator, IntPtr)

[SteamCommonData] -> TryLoad() File does not exists! 'C:/Users/manue/AppData/LocalLow/Red Dot Games/Car Mechanic Simulator 2026 Demo\Common\DiscoveredCars.dat'
UnityEngine.DebugLogHandler:Internal_Log(LogType, LogOption, String, Object)
UnityEngine.DebugLogHandler:LogFormat(LogType, Object, String, Object[])
UnityEngine.Logger:Log(LogType, Object)
UnityEngine.Debug:Log(Object)
CMS.Platforms.Steam.SteamCommonData:TryLoad(String, Byte[]&)
CMS.Core.CarDiscoveryManager:Load()
GameManager:get_CarDiscoveryManager()
CMS.Scenes.Other.<LoadData>d__21:MoveNext()
UnityEngine.SetupCoroutine:InvokeMoveNext(IEnumerator, IntPtr)

[SteamCommonData] -> TryLoad() File does not exists! 'C:/Users/manue/AppData/LocalLow/Red Dot Games/Car Mechanic Simulator 2026 Demo\Common\DiscoveredCars.dat'
UnityEngine.DebugLogHandler:Internal_Log(LogType, LogOption, String, Object)
UnityEngine.DebugLogHandler:LogFormat(LogType, Object, String, Object[])
UnityEngine.Logger:Log(LogType, Object)
UnityEngine.Debug:Log(Object)
CMS.Platforms.Steam.SteamCommonData:TryLoad(String, Byte[]&)
CMS.Core.CarDiscoveryManager:Load()
CMS.Scenes.Other.<LoadData>d__21:MoveNext()
UnityEngine.SetupCoroutine:InvokeMoveNext(IEnumerator, IntPtr)

Unloading 7 Unused Serialized files (Serialized files now loaded: 6)
UnloadTime: 0.403100 ms
Color primaries 0 is unknown or unsupported by WindowsMediaFoundation. Falling back to default may result in color shift. D:/SteamLibrary/steamapps/common/Car Mechanic Simulator 2026 Demo/Car Mechanic Simulator 2026 Demo_Data/sharedassets7.resource
Unloading 94 unused Assets to reduce memory usage. Loaded Objects now: 67677.
Total: 9.309000 ms (FindLiveObjects: 1.973500 ms CreateObjectMapping: 1.654500 ms MarkObjects: 5.554800 ms  DeleteObjects: 0.126000 ms)

[SteamSave] -> DeleteFile() File not found: C:/Users/manue/AppData/LocalLow/Red Dot Games/Car Mechanic Simulator 2026 Demo\Save\profile0\thumbnail.jpg
UnityEngine.DebugLogHandler:Internal_Log(LogType, LogOption, String, Object)
UnityEngine.DebugLogHandler:LogFormat(LogType, Object, String, Object[])
UnityEngine.Logger:Log(LogType, Object)
UnityEngine.Debug:Log(Object)
CMS.SaveSystem.ProfileManager:CreateNewProfile(String, Byte, DifficultyLevel, CustomDifficultySettingData[])
CMS.Scenes.MainMenu.Windows.Difficulty.DifficultyWindow:SelectDifficulty()
<Holding>d__101:MoveNext()
UnityEngine.RectTransform:ForceUpdateRectTransforms_Injected(IntPtr)
UnityEngine.DoubleBufferedAwaitableList:SwapAndComplete()

Unloading 1 Unused Serialized files (Serialized files now loaded: 8)
Unloading 2 unused Assets to reduce memory usage. Loaded Objects now: 68313.
Total: 12.596500 ms (FindLiveObjects: 3.705000 ms CreateObjectMapping: 1.252100 ms MarkObjects: 7.574700 ms  DeleteObjects: 0.064500 ms)

Unloading 8 Unused Serialized files (Serialized files now loaded: 8)
UnloadTime: 11.255400 ms
Unloading 67 unused Assets to reduce memory usage. Loaded Objects now: 334104.
Total: 39.579000 ms (FindLiveObjects: 12.331800 ms CreateObjectMapping: 4.502200 ms MarkObjects: 22.345400 ms  DeleteObjects: 0.399200 ms)

BoxCollider does not support negative scale or size.
The effective box size has been forced positive and is likely to give unexpected collision geometry.
If you absolutely need to use negative scaling you can use the convex MeshCollider. Scene hierarchy path "!Garage/Buildings/Exterior/!!!!NOWE11/Door_6_30/Door_6_Door"
BoxCollider does not support negative scale or size.
The effective box size has been forced positive and is likely to give unexpected collision geometry.
If you absolutely need to use negative scaling you can use the convex MeshCollider. Scene hierarchy path "!Garage/Buildings/Office/InsideLayer/Door_6_30 (4)/Door_6_Door"
BoxCollider does not support negative scale or size.
The effective box size has been forced positive and is likely to give unexpected collision geometry.
If you absolutely need to use negative scaling you can use the convex MeshCollider. Scene hierarchy path "!Garage Dynamic/Door_6_20 (1)/Door_6_Door"
BoxCollider does not support negative scale or size.
The effective box size has been forced positive and is likely to give unexpected collision geometry.
If you absolutely need to use negative scaling you can use the convex MeshCollider. Scene hierarchy path "!Garage Dynamic/Door_8/Door_8_Door"
BoxCollider does not support negative scale or size.
The effective box size has been forced positive and is likely to give unexpected collision geometry.
If you absolutely need to use negative scaling you can use the convex MeshCollider. Scene hierarchy path "!Garage/Buildings/Office/OutsideLayer/Door_8 (4)/Door_8_Door"
BoxCollider does not support negative scale or size.
The effective box size has been forced positive and is likely to give unexpected collision geometry.
If you absolutely need to use negative scaling you can use the convex MeshCollider. Scene hierarchy path "!Garage Dynamic/Door_8 (2)/Door_8_Door"
BoxCollider does not support negative scale or size.
The effective box size has been forced positive and is likely to give unexpected collision geometry.
If you absolutely need to use negative scaling you can use the convex MeshCollider. Scene hierarchy path "!Garage Dynamic/Door_7_40 (2)/Door_7_Door"
BoxCollider does not support negative scale or size.
The effective box size has been forced positive and is likely to give unexpected collision geometry.
If you absolutely need to use negative scaling you can use the convex MeshCollider. Scene hierarchy path "!Garage Dynamic/Door_7_30/Door_7_Door"
BoxCollider does not support negative scale or size.
The effective box size has been forced positive and is likely to give unexpected collision geometry.
If you absolutely need to use negative scaling you can use the convex MeshCollider. Scene hierarchy path "!Garage Dynamic/Door_7_40/Door_7_Door"
BoxCollider does not support negative scale or size.
The effective box size has been forced positive and is likely to give unexpected collision geometry.
If you absolutely need to use negative scaling you can use the convex MeshCollider. Scene hierarchy path "!Garage Dynamic/Door_7_40 (1)/Door_7_Door"
BoxCollider does not support negative scale or size.
The effective box size has been forced positive and is likely to give unexpected collision geometry.
If you absolutely need to use negative scaling you can use the convex MeshCollider. Scene hierarchy path "!Garage Dynamic/Door_6_40 (8)/Door_6_Door"
<color=#144078>[Fusion]</color> adding player [Player:1]
UnityEngine.DebugLogHandler:Internal_Log(LogType, LogOption, String, Object)
UnityEngine.DebugLogHandler:LogFormat(LogType, Object, String, Object[])
UnityEngine.Logger:Log(LogType, Object, Object)
UnityEngine.Debug:Log(Object, Object)
Fusion.UnityLogStream:Log(String)
Fusion.Simulation:PlayerAdd(PlayerRef, SimulationConnection)
Fusion.Server:BeforeSimulation()
Fusion.Simulation:Update(Double)
Fusion.NetworkRunner:UpdateInternal(Double)
Fusion.NetworkRunnerUpdaterDefault:InvokeUpdate()

[CMSNetworkRunner] -> OnPlayerJoined() 
UnityEngine.DebugLogHandler:Internal_Log(LogType, LogOption, String, Object)
UnityEngine.DebugLogHandler:LogFormat(LogType, Object, String, Object[])
UnityEngine.Logger:Log(LogType, Object)
UnityEngine.Debug:Log(Object)
CMS.Multiplayer.CMSNetworkRunner:OnPlayerJoined(NetworkRunner, PlayerRef)
Fusion.NetworkRunner:Fusion.Simulation.ICallbacks.PlayerJoined(PlayerRef)
Fusion.Simulation:InvokePlayerJoinedLeft()
Fusion.Simulation:InvokeTick(SimulationStages, Boolean)
Fusion.Simulation:StepSimulation(SimulationStages, Boolean, Boolean, Boolean)
Fusion.Simulation:Update(Double)
Fusion.NetworkRunner:UpdateInternal(Double)
Fusion.NetworkRunnerUpdaterDefault:InvokeUpdate()

[TutorialManager] -> LoadState() Step:-1 Substep:0 IsActive:False
UnityEngine.DebugLogHandler:Internal_Log(LogType, LogOption, String, Object)
UnityEngine.DebugLogHandler:LogFormat(LogType, Object, String, Object[])
UnityEngine.Logger:Log(LogType, Object)
UnityEngine.Debug:Log(Object)
CMS.GameTutorial.TutorialManager:LoadState(TutorialState)
CMS.SceneLoaders.<LoadHost>d__51:MoveNext()
UnityEngine.SetupCoroutine:InvokeMoveNext(IEnumerator, IntPtr)
CMS.SceneLoaders.<PrepareGame>d__49:MoveNext()
UnityEngine.SetupCoroutine:InvokeMoveNext(IEnumerator, IntPtr)

[OrderGenerator] -> GenerateMission() 0
UnityEngine.DebugLogHandler:Internal_Log(LogType, LogOption, String, Object)
UnityEngine.DebugLogHandler:LogFormat(LogType, Object, String, Object[])
UnityEngine.Logger:Log(LogType, Object)
UnityEngine.Debug:Log(Object)
CMS.Core.OrderGenerator:GenerateMission(Int32, Boolean)
CMS.SceneLoaders.<LoadHost>d__51:MoveNext()
UnityEngine.SetupCoroutine:InvokeMoveNext(IEnumerator, IntPtr)

Unloading 2 Unused Serialized files (Serialized files now loaded: 9)
Unloading 482 unused Assets to reduce memory usage. Loaded Objects now: 337546.
Total: 35.675100 ms (FindLiveObjects: 11.686700 ms CreateObjectMapping: 3.027100 ms MarkObjects: 20.497100 ms  DeleteObjects: 0.463800 ms)

[SceneLoader] -> LoadAsync() <color=green>Scene loading done in: 00:00:05.3964298</color>
UnityEngine.DebugLogHandler:Internal_Log(LogType, LogOption, String, Object)
UnityEngine.DebugLogHandler:LogFormat(LogType, Object, String, Object[])
UnityEngine.Logger:Log(LogType, Object)
UnityEngine.Debug:Log(Object)
CMS.Scenes.Loader.<LoadScene>d__15:MoveNext()
CMS.UI.SceneLoading.<Hide>d__13:MoveNext()
CMS.UI.SceneLoading.<FadeIn>d__18:MoveNext()
UnityEngine.RectTransform:ForceUpdateRectTransforms_Injected(IntPtr)
UnityEngine.DoubleBufferedAwaitableList:SwapAndComplete()

BoxCollider does not support negative scale or size.
The effective box size has been forced positive and is likely to give unexpected collision geometry.
If you absolutely need to use negative scaling you can use the convex MeshCollider. Scene hierarchy path "car_dnbcensor/FLSusp"
BoxCollider does not support negative scale or size.
The effective box size has been forced positive and is likely to give unexpected collision geometry.
If you absolutely need to use negative scaling you can use the convex MeshCollider. Scene hierarchy path "car_dnbcensor/RLSusp"
[CarLoader] -> LoadCarFromFile() Skip tuning part car_dnbcensor-benchFront on car_dnbcensor-#Dummy
UnityEngine.DebugLogHandler:Internal_Log(LogType, LogOption, String, Object)
UnityEngine.DebugLogHandler:LogFormat(LogType, Object, String, Object[])
UnityEngine.Logger:Log(LogType, Object)
UnityEngine.Debug:Log(Object)
CMS.Core.Car.CarLoader:LoadBodyParts(CarSaveData&)
CMS.Core.Car.<LoadCarFromFile>d__599:MoveNext()
UnityEngine.SetupCoroutine:InvokeMoveNext(IEnumerator, IntPtr)

[CarLoader] -> LoadCarFromFile() Skip tuning part car_dnbcensor-bench on car_dnbcensor-#Dummy
UnityEngine.DebugLogHandler:Internal_Log(LogType, LogOption, String, Object)
UnityEngine.DebugLogHandler:LogFormat(LogType, Object, String, Object[])
UnityEngine.Logger:Log(LogType, Object)
UnityEngine.Debug:Log(Object)
CMS.Core.Car.CarLoader:LoadBodyParts(CarSaveData&)
CMS.Core.Car.<LoadCarFromFile>d__599:MoveNext()
UnityEngine.SetupCoroutine:InvokeMoveNext(IEnumerator, IntPtr)

BoxCollider does not support negative scale or size.
The effective box size has been forced positive and is likely to give unexpected collision geometry.
If you absolutely need to use negative scaling you can use the convex MeshCollider. Scene hierarchy path "car_dnbcensor/FLSusp/Drive_Shaft_5/Drive_Shaft_3/Drive_Shaft_Mesh/PartScriptColliderCenter"
BoxCollider does not support negative scale or size.
The effective box size has been forced positive and is likely to give unexpected collision geometry.
If you absolutely need to use negative scaling you can use the convex MeshCollider. Scene hierarchy path "car_dnbcensor/#AirIntake_v10_3"
BoxCollider does not support negative scale or size.
The effective box size has been forced positive and is likely to give unexpected collision geometry.
If you absolutely need to use negative scaling you can use the convex MeshCollider. Scene hierarchy path "car_dnbcensor/FLSusp/Drive_Shaft_5/Drive_Shaft_3/Drive_Shaft_Mesh/PartScriptColliderGearboxSide"
BoxCollider does not support negative scale or size.
The effective box size has been forced positive and is likely to give unexpected collision geometry.
If you absolutely need to use negative scaling you can use the convex MeshCollider. Scene hierarchy path "car_dnbcensor/FLSusp/Drive_Shaft_5/Drive_Shaft_3/Drive_Shaft_Mesh/PartScriptColliderWheelSide"
Part #FuseBox2/relay_1(1) not found.
UnityEngine.DebugLogHandler:Internal_Log(LogType, LogOption, String, Object)
UnityEngine.DebugLogHandler:LogFormat(LogType, Object, String, Object[])
UnityEngine.Logger:Log(LogType, Object)
UnityEngine.Debug:LogWarning(Object)
CMS.Core.Car.<LoadCarFromFile>d__599:MoveNext()
UnityEngine.SetupCoroutine:InvokeMoveNext(IEnumerator, IntPtr)

Part #FuseBox2/relay_3(0) not found.
UnityEngine.DebugLogHandler:Internal_Log(LogType, LogOption, String, Object)
UnityEngine.DebugLogHandler:LogFormat(LogType, Object, String, Object[])
UnityEngine.Logger:Log(LogType, Object)
UnityEngine.Debug:LogWarning(Object)
CMS.Core.Car.<LoadCarFromFile>d__599:MoveNext()
UnityEngine.SetupCoroutine:InvokeMoveNext(IEnumerator, IntPtr)

Part #FuseBox2/fuseMedium_1(0) not found.
UnityEngine.DebugLogHandler:Internal_Log(LogType, LogOption, String, Object)
UnityEngine.DebugLogHandler:LogFormat(LogType, Object, String, Object[])
UnityEngine.Logger:Log(LogType, Object)
UnityEngine.Debug:LogWarning(Object)
CMS.Core.Car.<LoadCarFromFile>d__599:MoveNext()
UnityEngine.SetupCoroutine:InvokeMoveNext(IEnumerator, IntPtr)

[CarLoader] -> LoadCarFromFile Finish load car: car_dnbcensor in 00:00:00:81
UnityEngine.DebugLogHandler:Internal_Log(LogType, LogOption, String, Object)
UnityEngine.DebugLogHandler:LogFormat(LogType, Object, String, Object[])
UnityEngine.Logger:Log(LogType, Object)
UnityEngine.Debug:Log(Object)
CMS.Core.Car.<LoadCarFromFile>d__599:MoveNext()
UnityEngine.SetupCoroutine:InvokeMoveNext(IEnumerator, IntPtr)

[TutorialManager] -> PrepareForTutorial()
UnityEngine.DebugLogHandler:Internal_Log(LogType, LogOption, String, Object)
UnityEngine.DebugLogHandler:LogFormat(LogType, Object, String, Object[])
UnityEngine.Logger:Log(LogType, Object)
UnityEngine.Debug:Log(Object)
CMS.GameTutorial.TutorialManager:PrepareForTutorial(Boolean)
CMS.UI.Windows.<Cleanup>d__15:MoveNext()
UnityEngine.RectTransform:ForceUpdateRectTransforms_Injected(IntPtr)
UnityEngine.DoubleBufferedAwaitableList:SwapAndComplete()

[TutorialManager] -> LoadTutorialStep() Step:0 subStep:0
UnityEngine.DebugLogHandler:Internal_Log(LogType, LogOption, String, Object)
UnityEngine.DebugLogHandler:LogFormat(LogType, Object, String, Object[])
UnityEngine.Logger:Log(LogType, Object)
UnityEngine.Debug:Log(Object)
CMS.GameTutorial.TutorialManager:LoadTutorialStep(Int32, Int32, Boolean)
CMS.UI.Windows.<Cleanup>d__15:MoveNext()
UnityEngine.RectTransform:ForceUpdateRectTransforms_Injected(IntPtr)
UnityEngine.DoubleBufferedAwaitableList:SwapAndComplete()

[TutorialManager] -> LoadTutorialStep() Step:0 subStep:1
UnityEngine.DebugLogHandler:Internal_Log(LogType, LogOption, String, Object)
UnityEngine.DebugLogHandler:LogFormat(LogType, Object, String, Object[])
UnityEngine.Logger:Log(LogType, Object)
UnityEngine.Debug:Log(Object)
CMS.GameTutorial.TutorialManager:LoadTutorialStep(Int32, Int32, Boolean)
CMS.GameTutorial.<>c__DisplayClass49_0:<TutorialClearGarage0>b__0()
CMS.Garage.InteractiveDoor:UseInternalLogic(Boolean, Boolean)
CMS.Helpers.GameScriptHelper:InteractiveDoorAction(GameObject)
CMS.Core.GameScript:ClickIO(Int32)
Raycast:Garage()

[TutorialManager] -> LoadTutorialStep() Step:1 subStep:0
UnityEngine.DebugLogHandler:Internal_Log(LogType, LogOption, String, Object)
UnityEngine.DebugLogHandler:LogFormat(LogType, Object, String, Object[])
UnityEngine.Logger:Log(LogType, Object)
UnityEngine.Debug:Log(Object)
CMS.GameTutorial.TutorialManager:LoadTutorialStep(Int32, Int32, Boolean)
CMS.GameTutorial.TutorialManager:CheckCarLifterPlacesWasEmpty()
UnityEngine.Events.InvokableCall`1:Invoke(T1)
UnityEngine.Events.UnityEvent`1:Invoke(T0)
CMS.RedEvents.Runtime.GameEventWithData:Raise(IEventData)
CMS.Garage.Customization.GarageCustomizationManager:RPC_RemoveObject(NetworkBehaviour, PlayerRef, Boolean)
CMS.Garage.Customization.GarageCustomizationManager:RemoveObject(CustomizableObject, Boolean)
Raycast:GarageCustomization()

[TutorialManager] -> LoadTutorialStep() Step:1 subStep:1
UnityEngine.DebugLogHandler:Internal_Log(LogType, LogOption, String, Object)
UnityEngine.DebugLogHandler:LogFormat(LogType, Object, String, Object[])
UnityEngine.Logger:Log(LogType, Object)
UnityEngine.Debug:Log(Object)
CMS.GameTutorial.TutorialManager:LoadTutorialStep(Int32, Int32, Boolean)
CMS.GameTutorial.TutorialManager:OnObjectPlaced(IEventData)
UnityEngine.Events.InvokableCall`1:Invoke(T1)
UnityEngine.Events.UnityEvent`1:Invoke(T0)
CMS.RedEvents.Runtime.GameEventWithData:Raise(IEventData)
CMS.Garage.Customization.GarageCustomizationManager:StopMovingObject(Boolean)
CMS.Garage.Customization.GarageCustomizationManager:LateUpdate()

[TutorialManager] -> LoadTutorialStep() Step:2 subStep:0
UnityEngine.DebugLogHandler:Internal_Log(LogType, LogOption, String, Object)
UnityEngine.DebugLogHandler:LogFormat(LogType, Object, String, Object[])
UnityEngine.Logger:Log(LogType, Object)
UnityEngine.Debug:Log(Object)
CMS.GameTutorial.TutorialManager:LoadTutorialStep(Int32, Int32, Boolean)
CMS.GameTutorial.TutorialManager:OnObjectPlaced(IEventData)
UnityEngine.Events.InvokableCall`1:Invoke(T1)
UnityEngine.Events.UnityEvent`1:Invoke(T0)
CMS.RedEvents.Runtime.GameEventWithData:Raise(IEventData)
CMS.Garage.Customization.GarageCustomizationManager:StopMovingObject(Boolean)
CMS.Garage.Customization.GarageCustomizationManager:LateUpdate()

Too many sprite tiles on Image "Bars". The tile size will be increased. To remove the limit on the number of tiles, set the Wrap mode to Repeat in the Image Import Settings
UnityEngine.DebugLogHandler:Internal_Log(LogType, LogOption, String, Object)
UnityEngine.DebugLogHandler:LogFormat(LogType, Object, String, Object[])
UnityEngine.Logger:Log(LogType, Object, Object)
UnityEngine.Debug:LogError(Object, Object)
UnityEngine.UI.Image:GenerateTiledSprite(VertexHelper)
UnityEngine.UI.Graphic:DoMeshGeneration()
UnityEngine.UI.Graphic:Rebuild(CanvasUpdate)
UnityEngine.UI.CanvasUpdateRegistry:PerformUpdate()

Too many sprite tiles on Image "Bars". The tile size will be increased. To remove the limit on the number of tiles, set the Wrap mode to Repeat in the Image Import Settings
UnityEngine.DebugLogHandler:Internal_Log(LogType, LogOption, String, Object)
UnityEngine.DebugLogHandler:LogFormat(LogType, Object, String, Object[])
UnityEngine.Logger:Log(LogType, Object, Object)
UnityEngine.Debug:LogError(Object, Object)
UnityEngine.UI.Image:GenerateTiledSprite(VertexHelper)
UnityEngine.UI.Graphic:DoMeshGeneration()
UnityEngine.UI.Graphic:Rebuild(CanvasUpdate)
UnityEngine.UI.CanvasUpdateRegistry:PerformUpdate()

[DeliveryManager] -> OrderDelivery() Id:44 
Ready: 8:00
PackageSize: Large
UnityEngine.DebugLogHandler:Internal_Log(LogType, LogOption, String, Object)
UnityEngine.DebugLogHandler:LogFormat(LogType, Object, String, Object[])
UnityEngine.Logger:Log(LogType, Object)
UnityEngine.Debug:Log(Object)
CMS.Managers.DeliveryManager:OrderDelivery(Delivery)
CMS.UI.Logic.Shop.Cart.ShopCartManager:CreateDeliveryAndClear(ShopType25, Boolean)
CMS.UI.Logic.Shop.Cart.ShopCart:PlaceOrder()
UnityEngine.InputSystem.Utilities.DelegateHelpers:InvokeCallbacksSafe(CallbackArray`1&, TValue, String, Object)
UnityEngine.InputSystem.InputActionState:CallActionListeners(Int32, InputActionMap, InputActionPhase, CallbackArray`1&, String)
UnityEngine.InputSystem.InputActionState:ChangePhaseOfActionInternal(Int32, TriggerState*, InputActionPhase, TriggerState&, Boolean)
UnityEngine.InputSystem.InputActionState:ChangePhaseOfAction(InputActionPhase, TriggerState&, InputActionPhase)
UnityEngine.InputSystem.InputActionState:ChangePhaseOfInteraction(InputActionPhase, TriggerState&, InputActionPhase, InputActionPhase, Boolean)
UnityEngine.InputSystem.Interactions.HoldInteraction:Process(InputInteractionContext&)
UnityEngine.InputSystem.InputActionState:ProcessTimeout(Double, Int32, Int32, Int32, Int32)
UnityEngine.InputSystem.InputActionState:UnityEngine.InputSystem.LowLevel.IInputStateChangeMonitor.NotifyTimerExpired(InputControl, Double, Int64, Int32)
UnityEngine.InputSystem.InputManager:ProcessStateChangeMonitorTimeouts()
UnityEngine.InputSystem.InputManager:OnUpdate(InputUpdateType, InputEventBuffer&)
UnityEngine.InputSystem.LowLevel.<>c__DisplayClass7_0:<set_onUpdate>b__0(NativeInputUpdateType, NativeInputEventBuffer*)
UnityEngineInternal.Input.NativeInputSystem:NotifyUpdate(NativeInputUpdateType, IntPtr)

[TutorialManager] -> LoadTutorialStep() Step:2 subStep:1
UnityEngine.DebugLogHandler:Internal_Log(LogType, LogOption, String, Object)
UnityEngine.DebugLogHandler:LogFormat(LogType, Object, String, Object[])
UnityEngine.Logger:Log(LogType, Object)
UnityEngine.Debug:Log(Object)
CMS.GameTutorial.TutorialManager:LoadTutorialStep(Int32, Int32, Boolean)
CMS.GameTutorial.TutorialManager:OnOrderDelivery()
CMS.Managers.DeliveryManager:OrderDelivery(Delivery)
CMS.UI.Logic.Shop.Cart.ShopCartManager:CreateDeliveryAndClear(ShopType25, Boolean)
CMS.UI.Logic.Shop.Cart.ShopCart:PlaceOrder()
UnityEngine.InputSystem.Utilities.DelegateHelpers:InvokeCallbacksSafe(CallbackArray`1&, TValue, String, Object)
UnityEngine.InputSystem.InputActionState:CallActionListeners(Int32, InputActionMap, InputActionPhase, CallbackArray`1&, String)
UnityEngine.InputSystem.InputActionState:ChangePhaseOfActionInternal(Int32, TriggerState*, InputActionPhase, TriggerState&, Boolean)
UnityEngine.InputSystem.InputActionState:ChangePhaseOfAction(InputActionPhase, TriggerState&, InputActionPhase)
UnityEngine.InputSystem.InputActionState:ChangePhaseOfInteraction(InputActionPhase, TriggerState&, InputActionPhase, InputActionPhase, Boolean)
UnityEngine.InputSystem.Interactions.HoldInteraction:Process(InputInteractionContext&)
UnityEngine.InputSystem.InputActionState:ProcessTimeout(Double, Int32, Int32, Int32, Int32)
UnityEngine.InputSystem.InputActionState:UnityEngine.InputSystem.LowLevel.IInputStateChangeMonitor.NotifyTimerExpired(InputControl, Double, Int64, Int32)
UnityEngine.InputSystem.InputManager:ProcessStateChangeMonitorTimeouts()
UnityEngine.InputSystem.InputManager:OnUpdate(InputUpdateType, InputEventBuffer&)
UnityEngine.InputSystem.LowLevel.<>c__DisplayClass7_0:<set_onUpdate>b__0(NativeInputUpdateType, NativeInputEventBuffer*)
UnityEngineInternal.Input.NativeInputSystem:NotifyUpdate(NativeInputUpdateType, IntPtr)

[TutorialManager] -> LoadTutorialStep() Step:3 subStep:0
UnityEngine.DebugLogHandler:Internal_Log(LogType, LogOption, String, Object)
UnityEngine.DebugLogHandler:LogFormat(LogType, Object, String, Object[])
UnityEngine.Logger:Log(LogType, Object)
UnityEngine.Debug:Log(Object)
CMS.GameTutorial.TutorialManager:LoadTutorialStep(Int32, Int32, Boolean)
CMS.GameTutorial.TutorialManager:TutorialShop1()
CMS.GameTutorial.TutorialManager:LoadTutorialStep(Int32, Int32, Boolean)
CMS.GameTutorial.TutorialManager:OnOrderDelivery()
CMS.Managers.DeliveryManager:OrderDelivery(Delivery)
CMS.UI.Logic.Shop.Cart.ShopCartManager:CreateDeliveryAndClear(ShopType25, Boolean)
CMS.UI.Logic.Shop.Cart.ShopCart:PlaceOrder()
UnityEngine.InputSystem.Utilities.DelegateHelpers:InvokeCallbacksSafe(CallbackArray`1&, TValue, String, Object)
UnityEngine.InputSystem.InputActionState:CallActionListeners(Int32, InputActionMap, InputActionPhase, CallbackArray`1&, String)
UnityEngine.InputSystem.InputActionState:ChangePhaseOfActionInternal(Int32, TriggerState*, InputActionPhase, TriggerState&, Boolean)
UnityEngine.InputSystem.InputActionState:ChangePhaseOfAction(InputActionPhase, TriggerState&, InputActionPhase)
UnityEngine.InputSystem.InputActionState:ChangePhaseOfInteraction(InputActionPhase, TriggerState&, InputActionPhase, InputActionPhase, Boolean)
UnityEngine.InputSystem.Interactions.HoldInteraction:Process(InputInteractionContext&)
UnityEngine.InputSystem.InputActionState:ProcessTimeout(Double, Int32, Int32, Int32, Int32)
UnityEngine.InputSystem.InputActionState:UnityEngine.InputSystem.LowLevel.IInputStateChangeMonitor.NotifyTimerExpired(InputControl, Double, Int64, Int32)
UnityEngine.InputSystem.InputManager:ProcessStateChangeMonitorTimeouts()
UnityEngine.InputSystem.InputManager:OnUpdate(InputUpdateType, InputEventBuffer&)
UnityEngine.InputSystem.LowLevel.<>c__DisplayClass7_0:<set_onUpdate>b__0(NativeInputUpdateType, NativeInputEventBuffer*)
UnityEngineInternal.Input.NativeInputSystem:NotifyUpdate(NativeInputUpdateType, IntPtr)

[TutorialManager] -> LoadTutorialStep() Step:4 subStep:0
UnityEngine.DebugLogHandler:Internal_Log(LogType, LogOption, String, Object)
UnityEngine.DebugLogHandler:LogFormat(LogType, Object, String, Object[])
UnityEngine.Logger:Log(LogType, Object)
UnityEngine.Debug:Log(Object)
CMS.GameTutorial.TutorialManager:LoadTutorialStep(Int32, Int32, Boolean)
CMS.GameTutorial.TutorialManager:OnAddTimeFinished()
CMS.UI.Windows.<Sleep>d__36:MoveNext()
UnityEngine.RectTransform:ForceUpdateRectTransforms_Injected(IntPtr)
UnityEngine.DoubleBufferedAwaitableList:SwapAndComplete()

[TutorialManager] -> LoadTutorialStep() Step:4 subStep:1
UnityEngine.DebugLogHandler:Internal_Log(LogType, LogOption, String, Object)
UnityEngine.DebugLogHandler:LogFormat(LogType, Object, String, Object[])
UnityEngine.Logger:Log(LogType, Object)
UnityEngine.Debug:Log(Object)
CMS.GameTutorial.TutorialManager:LoadTutorialStep(Int32, Int32, Boolean)
CMS.GameTutorial.TutorialManager:OnTakeFromStorage()
CMS.Managers.DeliveryManager:TakeFromStorage(UInt64)
CMS.Core.GameScript:ClickIO(Int32)
Raycast:Garage()

[TutorialManager] -> LoadTutorialStep() Step:4 subStep:2
UnityEngine.DebugLogHandler:Internal_Log(LogType, LogOption, String, Object)
UnityEngine.DebugLogHandler:LogFormat(LogType, Object, String, Object[])
UnityEngine.Logger:Log(LogType, Object)
UnityEngine.Debug:Log(Object)
CMS.GameTutorial.TutorialManager:LoadTutorialStep(Int32, Int32, Boolean)
CMS.GameTutorial.TutorialManager:OnObjectPlaced(IEventData)
UnityEngine.Events.InvokableCall`1:Invoke(T1)
UnityEngine.Events.UnityEvent`1:Invoke(T0)
CMS.RedEvents.Runtime.GameEventWithData:Raise(IEventData)
CMS.Garage.Customization.GarageCustomizationManager:StopMovingObject(Boolean)
CMS.Garage.Customization.GarageCustomizationManager:LateUpdate()

[TutorialManager] -> LoadTutorialStep() Step:5 subStep:0
UnityEngine.DebugLogHandler:Internal_Log(LogType, LogOption, String, Object)
UnityEngine.DebugLogHandler:LogFormat(LogType, Object, String, Object[])
UnityEngine.Logger:Log(LogType, Object)
UnityEngine.Debug:Log(Object)
CMS.GameTutorial.TutorialManager:LoadTutorialStep(Int32, Int32, Boolean)
CMS.GameTutorial.TutorialManager:LoadTutorialStep(Int32, Int32, Boolean)
CMS.GameTutorial.TutorialManager:OnObjectPlaced(IEventData)
UnityEngine.Events.InvokableCall`1:Invoke(T1)
UnityEngine.Events.UnityEvent`1:Invoke(T0)
CMS.RedEvents.Runtime.GameEventWithData:Raise(IEventData)
CMS.Garage.Customization.GarageCustomizationManager:StopMovingObject(Boolean)
CMS.Garage.Customization.GarageCustomizationManager:LateUpdate()

[TutorialManager] -> LoadTutorialStep() Step:5 subStep:1
UnityEngine.DebugLogHandler:Internal_Log(LogType, LogOption, String, Object)
UnityEngine.DebugLogHandler:LogFormat(LogType, Object, String, Object[])
UnityEngine.Logger:Log(LogType, Object)
UnityEngine.Debug:Log(Object)
CMS.GameTutorial.TutorialManager:LoadTutorialStep(Int32, Int32, Boolean)
CMS.GameTutorial.TutorialManager:OnGateAnimationStarted()
CMS.Garage.Gates.<StartAnimation>d__46:MoveNext()
CMS.Garage.Gates.Gate:StartAnimation()
CMS.Garage.Gates.Gate:RPC_Use()
CMS.Helpers.GameScriptHelper:GateAction(GameObject)
CMS.Core.GameScript:ClickIO(Int32)
Raycast:Garage()

[OrderGenerator] -> GenerateMission() 0
UnityEngine.DebugLogHandler:Internal_Log(LogType, LogOption, String, Object)
UnityEngine.DebugLogHandler:LogFormat(LogType, Object, String, Object[])
UnityEngine.Logger:Log(LogType, Object)
UnityEngine.Debug:Log(Object)
CMS.Core.OrderGenerator:GenerateMission(Int32, Boolean)
CMS.GameTutorial.TutorialManager:TutorialTakeOrder1()
CMS.GameTutorial.TutorialManager:LoadTutorialStep(Int32, Int32, Boolean)
CMS.GameTutorial.TutorialManager:OnGateAnimationStarted()
CMS.Garage.Gates.<StartAnimation>d__46:MoveNext()
CMS.Garage.Gates.Gate:StartAnimation()
CMS.Garage.Gates.Gate:RPC_Use()
CMS.Helpers.GameScriptHelper:GateAction(GameObject)
CMS.Core.GameScript:ClickIO(Int32)
Raycast:Garage()

[Gate] -> Open() ID: 2
UnityEngine.DebugLogHandler:Internal_Log(LogType, LogOption, String, Object)
UnityEngine.DebugLogHandler:LogFormat(LogType, Object, String, Object[])
UnityEngine.Logger:Log(LogType, Object)
UnityEngine.Debug:Log(Object)
CMS.Garage.Gates.<StartAnimation>d__46:MoveNext()
CMS.Garage.Gates.Gate:StartAnimation()
CMS.Garage.Gates.Gate:RPC_Use()
CMS.Helpers.GameScriptHelper:GateAction(GameObject)
CMS.Core.GameScript:ClickIO(Int32)
Raycast:Garage()

[Gate] -> Open() ID: 1
UnityEngine.DebugLogHandler:Internal_Log(LogType, LogOption, String, Object)
UnityEngine.DebugLogHandler:LogFormat(LogType, Object, String, Object[])
UnityEngine.Logger:Log(LogType, Object)
UnityEngine.Debug:Log(Object)
CMS.Garage.Gates.<StartAnimation>d__46:MoveNext()
CMS.Garage.Gates.Gate:StartAnimation()
CMS.Garage.Gates.Gate:RPC_Use()
CMS.Helpers.GameScriptHelper:GateAction(GameObject)
CMS.Core.GameScript:ClickIO(Int32)
Raycast:Garage()

[Gate] -> Open() ID: 3
UnityEngine.DebugLogHandler:Internal_Log(LogType, LogOption, String, Object)
UnityEngine.DebugLogHandler:LogFormat(LogType, Object, String, Object[])
UnityEngine.Logger:Log(LogType, Object)
UnityEngine.Debug:Log(Object)
CMS.Garage.Gates.<StartAnimation>d__46:MoveNext()
CMS.Garage.Gates.Gate:StartAnimation()
CMS.Garage.Gates.Gate:RPC_Use()
CMS.Helpers.GameScriptHelper:GateAction(GameObject)
CMS.Core.GameScript:ClickIO(Int32)
Raycast:Garage()

Too many sprite tiles on Image "Bars". The tile size will be increased. To remove the limit on the number of tiles, set the Wrap mode to Repeat in the Image Import Settings
UnityEngine.DebugLogHandler:Internal_Log(LogType, LogOption, String, Object)
UnityEngine.DebugLogHandler:LogFormat(LogType, Object, String, Object[])
UnityEngine.Logger:Log(LogType, Object, Object)
UnityEngine.Debug:LogError(Object, Object)
UnityEngine.UI.Image:GenerateTiledSprite(VertexHelper)
UnityEngine.UI.Graphic:DoMeshGeneration()
UnityEngine.UI.Graphic:Rebuild(CanvasUpdate)
UnityEngine.UI.CanvasUpdateRegistry:PerformUpdate()

[OrderGenerator] -> TakeMission() ID: 0 Mission: 0
UnityEngine.DebugLogHandler:Internal_Log(LogType, LogOption, String, Object)
UnityEngine.DebugLogHandler:LogFormat(LogType, Object, String, Object[])
UnityEngine.Logger:Log(LogType, Object)
UnityEngine.Debug:Log(Object)
CMS.Core.<TakeMission>d__59:MoveNext()
UnityEngine.SetupCoroutine:InvokeMoveNext(IEnumerator, IntPtr)
CMS.Core.NotificationCenter:TakeJob(Job)
CMS.UI.Logic.Orders.Controls.OrderItem:OnPointerClick(PointerEventData)
UnityEngine.EventSystems.ExecuteEvents:Execute(GameObject, BaseEventData, EventFunction`1)
UnityEngine.InputSystem.UI.InputSystemUIInputModule:ProcessPointerButton(ButtonState&, PointerEventData)
UnityEngine.InputSystem.UI.InputSystemUIInputModule:ProcessPointer(PointerModel&)
UnityEngine.InputSystem.UI.InputSystemUIInputModule:Process()
UnityEngine.EventSystems.EventSystem:Update()

Couldn't create a Convex Mesh from source mesh, within the maximum polygons limit (256). The partial hull will be used. Consider simplifying your mesh. Source mesh name: window_trunk
CMS.Core.Car.CarLoader:EnableConvex(Component, Boolean)
CMS.Core.Car.CarLoader:<LoadAndPrepareModel>g__AddPartsIfShould|236_0(String, Boolean, <>c__DisplayClass236_0&)
CMS.Core.Car.<LoadAndPrepareModel>d__236:MoveNext()
Cysharp.Threading.Tasks.UniTaskCompletionSourceCore`1:TrySetResult(TResult)
<GetCarFromAssetBundleAsync>d__43:MoveNext()
Cysharp.Threading.Tasks.UniTaskCompletionSourceCore`1:TrySetResult(TResult)
UnityEngine.AsyncOperation:InvokeCompletionEvent()

[ line 974936]

BoxCollider does not support negative scale or size.
The effective box size has been forced positive and is likely to give unexpected collision geometry.
If you absolutely need to use negative scaling you can use the convex MeshCollider. Scene hierarchy path "car_katagiritamagobp/FLSusp"
BoxCollider does not support negative scale or size.
The effective box size has been forced positive and is likely to give unexpected collision geometry.
If you absolutely need to use negative scaling you can use the convex MeshCollider. Scene hierarchy path "car_katagiritamagobp/RLSusp"
BoxCollider does not support negative scale or size.
The effective box size has been forced positive and is likely to give unexpected collision geometry.
If you absolutely need to use negative scaling you can use the convex MeshCollider. Scene hierarchy path "car_katagiritamagobp/FLSusp/Drive_Shaft_3/Drive_Shaft_3/Drive_Shaft_Mesh/PartScriptColliderCenter"
[OrderGenerator] -> TakeMission() There was 5 parts in file
UnityEngine.DebugLogHandler:Internal_Log(LogType, LogOption, String, Object)
UnityEngine.DebugLogHandler:LogFormat(LogType, Object, String, Object[])
UnityEngine.Logger:Log(LogType, Object)
UnityEngine.Debug:Log(Object)
CMS.Core.<TakeMission>d__59:MoveNext()
UnityEngine.SetupCoroutine:InvokeMoveNext(IEnumerator, IntPtr)

BoxCollider does not support negative scale or size.
The effective box size has been forced positive and is likely to give unexpected collision geometry.
If you absolutely need to use negative scaling you can use the convex MeshCollider. Scene hierarchy path "car_katagiritamagobp/#ExhaustSet_J-11"
BoxCollider does not support negative scale or size.
The effective box size has been forced positive and is likely to give unexpected collision geometry.
If you absolutely need to use negative scaling you can use the convex MeshCollider. Scene hierarchy path "car_katagiritamagobp/#AirIntake_2"
BoxCollider does not support negative scale or size.
The effective box size has been forced positive and is likely to give unexpected collision geometry.
If you absolutely need to use negative scaling you can use the convex MeshCollider. Scene hierarchy path "car_katagiritamagobp/FLSusp/Drive_Shaft_3/Drive_Shaft_3/Drive_Shaft_Mesh/PartScriptColliderGearboxSide"
BoxCollider does not support negative scale or size.
The effective box size has been forced positive and is likely to give unexpected collision geometry.
If you absolutely need to use negative scaling you can use the convex MeshCollider. Scene hierarchy path "car_katagiritamagobp/FLSusp/Drive_Shaft_3/Drive_Shaft_3/Drive_Shaft_Mesh/PartScriptColliderWheelSide"
[TutorialManager] -> LoadTutorialStep() Step:5 subStep:2
UnityEngine.DebugLogHandler:Internal_Log(LogType, LogOption, String, Object)
UnityEngine.DebugLogHandler:LogFormat(LogType, Object, String, Object[])
UnityEngine.Logger:Log(LogType, Object)
UnityEngine.Debug:Log(Object)
CMS.GameTutorial.TutorialManager:LoadTutorialStep(Int32, Int32, Boolean)
CMS.GameTutorial.TutorialManager:OnTakeMission()
CMS.Core.<TakeMission>d__59:MoveNext()
UnityEngine.SetupCoroutine:InvokeMoveNext(IEnumerator, IntPtr)

[CarDiscoveryManager] -> DiscoverCar() car_katagiritamagobp 0
UnityEngine.DebugLogHandler:Internal_Log(LogType, LogOption, String, Object)
UnityEngine.DebugLogHandler:LogFormat(LogType, Object, String, Object[])
UnityEngine.Logger:Log(LogType, Object)
UnityEngine.Debug:Log(Object)
CMS.Core.CarDiscoveryManager:DiscoverCar(String, Int32, Boolean)
CMS.UI.Windows.CarInfoWindow:Show()
CMS.UI.WindowManager:Show(WindowID, Boolean)
CMS.UI.PieMenuController:<GetOnClick>b__79_28()
CMS.UI.PieMenuController:InvokeAction(PieMenuOption&)
CMS.UI.PieMenuController:HandleInput()
CMS.Core.GameScript:Update()

Too many sprite tiles on Image "Bars". The tile size will be increased. To remove the limit on the number of tiles, set the Wrap mode to Repeat in the Image Import Settings
UnityEngine.DebugLogHandler:Internal_Log(LogType, LogOption, String, Object)
UnityEngine.DebugLogHandler:LogFormat(LogType, Object, String, Object[])
UnityEngine.Logger:Log(LogType, Object, Object)
UnityEngine.Debug:LogError(Object, Object)
UnityEngine.UI.Image:GenerateTiledSprite(VertexHelper)
UnityEngine.UI.Graphic:DoMeshGeneration()
UnityEngine.UI.Graphic:Rebuild(CanvasUpdate)
UnityEngine.UI.CanvasUpdateRegistry:PerformUpdate()

[TutorialManager] -> LoadTutorialStep() Step:5 subStep:3
UnityEngine.DebugLogHandler:Internal_Log(LogType, LogOption, String, Object)
UnityEngine.DebugLogHandler:LogFormat(LogType, Object, String, Object[])
UnityEngine.Logger:Log(LogType, Object)
UnityEngine.Debug:Log(Object)
CMS.GameTutorial.TutorialManager:LoadTutorialStep(Int32, Int32, Boolean)
CMS.GameTutorial.TutorialManager:OnWindowStateChange(IEventData)
UnityEngine.Events.InvokableCall`1:Invoke(T1)
UnityEngine.Events.UnityEvent`1:Invoke(T0)
CMS.RedEvents.Runtime.GameEventWithData:Raise(IEventData)
CMS.UI.WindowManager:SetWindowAsActive(WindowID, Boolean)
CMS.UI.Windows.CarInfoWindow:Hide(Boolean)
CMS.UI.WindowManager:Hide(WindowID, Boolean)
CMS.UI.Windows.TutorialOverlayWindow:NextAction()
UnityEngine.EventSystems.ExecuteEvents:Execute(GameObject, BaseEventData, EventFunction`1)
UnityEngine.InputSystem.UI.InputSystemUIInputModule:ProcessPointerButton(ButtonState&, PointerEventData)
UnityEngine.InputSystem.UI.InputSystemUIInputModule:ProcessPointer(PointerModel&)
UnityEngine.InputSystem.UI.InputSystemUIInputModule:Process()
UnityEngine.EventSystems.EventSystem:Update()

Couldn't create a Convex Mesh from source mesh, within the maximum polygons limit (256). The partial hull will be used. Consider simplifying your mesh. Source mesh name: Collider
UnityEngine.Object:Instantiate(Object, Transform, Boolean)
UnityEngine.Object:Instantiate(T, Transform, Boolean)
CMS.Core.Car.CarLoader:PrepareCollider(GameObject&)
CMS.VehiclePhysics.Utils.SetupCar:PrepareCollider(CarLoader, Transform, Transform, PhysicsMaterial)
CMS.VehiclePhysics.Utils.SetupCar:MoveParts(CarLoader, Transform, PhysicsMaterial, GameObject&, SetupContext)
CMS.Multiplayer.Gameplay.VehiclePhysics.NetworkedPhysicsCar:EnablePhysics(Boolean)
CMS.VehiclePhysics.Managers.SceneCarPhysicsManager:RPC_EnablePhysics(PlayerRef, NetworkObject, Boolean)
CMS.Core.GameScript:DriveCar(CarLoader)
CMS.Core.<FastRide>d__132:MoveNext()
Cysharp.Threading.Tasks.<Core>d__4:MoveNext()
UnityEngine.SetupCoroutine:InvokeMoveNext(IEnumerator, IntPtr)

[ line 972744]

[TutorialManager] -> LoadTutorialStep() Step:5 subStep:5
UnityEngine.DebugLogHandler:Internal_Log(LogType, LogOption, String, Object)
UnityEngine.DebugLogHandler:LogFormat(LogType, Object, String, Object[])
UnityEngine.Logger:Log(LogType, Object)
UnityEngine.Debug:Log(Object)
CMS.GameTutorial.TutorialManager:LoadTutorialStep(Int32, Int32, Boolean)
CMS.GameTutorial.TutorialManager:OnPhysicsEnable(IEventData)
UnityEngine.Events.InvokableCall`1:Invoke(T1)
UnityEngine.Events.UnityEvent`1:Invoke(T0)
CMS.RedEvents.Runtime.GameEventWithData:Raise(IEventData)
CMS.Multiplayer.Gameplay.VehiclePhysics.NetworkedPhysicsCar:EnablePhysics(Boolean)
CMS.VehiclePhysics.Managers.SceneCarPhysicsManager:RPC_EnablePhysics(PlayerRef, NetworkObject, Boolean)
CMS.Core.GameScript:DriveCar(CarLoader)
CMS.Core.<FastRide>d__132:MoveNext()
Cysharp.Threading.Tasks.<Core>d__4:MoveNext()
UnityEngine.SetupCoroutine:InvokeMoveNext(IEnumerator, IntPtr)

[TutorialManager] -> LoadTutorialStep() Step:5 subStep:3
UnityEngine.DebugLogHandler:Internal_Log(LogType, LogOption, String, Object)
UnityEngine.DebugLogHandler:LogFormat(LogType, Object, String, Object[])
UnityEngine.Logger:Log(LogType, Object)
UnityEngine.Debug:Log(Object)
CMS.GameTutorial.TutorialManager:LoadTutorialStep(Int32, Int32, Boolean)
CMS.GameTutorial.TutorialManager:OnPhysicsDisable(IEventData)
UnityEngine.Events.InvokableCall`1:Invoke(T1)
UnityEngine.Events.UnityEvent`1:Invoke(T0)
CMS.RedEvents.Runtime.GameEventWithData:Raise(IEventData)
CMS.Multiplayer.Gameplay.VehiclePhysics.<DisablePhysics>d__70:MoveNext()
CMS.<NormalFadeInAsync>d__18:MoveNext()
CMS.<FadeToAsync>d__23:MoveNext()
UnityEngine.WorkRequest:Invoke()
UnityEngine.UnitySynchronizationContext:Exec()

[TutorialManager] -> LoadTutorialStep() Step:5 subStep:6
UnityEngine.DebugLogHandler:Internal_Log(LogType, LogOption, String, Object)
UnityEngine.DebugLogHandler:LogFormat(LogType, Object, String, Object[])
UnityEngine.Logger:Log(LogType, Object)
UnityEngine.Debug:Log(Object)
CMS.GameTutorial.TutorialManager:LoadTutorialStep(Int32, Int32, Boolean)
CMS.GameTutorial.TutorialManager:CarLifterOnOnConnectCar()
CMS.Garage.CarLifter:ConnectCar(CarLoader)
CMS.Core.Car.CarLoader:PlaceAtPosition(Boolean, Boolean)
CMS.Garage.CarLoaderPlaces:ChangeGroundPosition(CarLoader, CarPlace, Boolean)
CMS.Core.Car.CarLoader:ChangePositionInternal(CarPlace, Boolean)
CMS.Multiplayer.Gameplay.VehiclePhysics.NetworkedPhysicsCar:RPC_CheckPlaces()
CMS.Multiplayer.Gameplay.VehiclePhysics.<DisablePhysics>d__70:MoveNext()
CMS.<NormalFadeInAsync>d__18:MoveNext()
CMS.<FadeToAsync>d__23:MoveNext()
UnityEngine.WorkRequest:Invoke()
UnityEngine.UnitySynchronizationContext:Exec()

[TutorialManager] -> LoadTutorialStep() Step:6 subStep:0
UnityEngine.DebugLogHandler:Internal_Log(LogType, LogOption, String, Object)
UnityEngine.DebugLogHandler:LogFormat(LogType, Object, String, Object[])
UnityEngine.Logger:Log(LogType, Object)
UnityEngine.Debug:Log(Object)
CMS.GameTutorial.TutorialManager:LoadTutorialStep(Int32, Int32, Boolean)
CMS.GameTutorial.TutorialManager:TutorialTakeOrder6()
CMS.GameTutorial.TutorialManager:LoadTutorialStep(Int32, Int32, Boolean)
CMS.GameTutorial.TutorialManager:CarLifterOnOnConnectCar()
CMS.Garage.CarLifter:ConnectCar(CarLoader)
CMS.Core.Car.CarLoader:PlaceAtPosition(Boolean, Boolean)
CMS.Garage.CarLoaderPlaces:ChangeGroundPosition(CarLoader, CarPlace, Boolean)
CMS.Core.Car.CarLoader:ChangePositionInternal(CarPlace, Boolean)
CMS.Multiplayer.Gameplay.VehiclePhysics.NetworkedPhysicsCar:RPC_CheckPlaces()
CMS.Multiplayer.Gameplay.VehiclePhysics.<DisablePhysics>d__70:MoveNext()
CMS.<NormalFadeInAsync>d__18:MoveNext()
CMS.<FadeToAsync>d__23:MoveNext()
UnityEngine.WorkRequest:Invoke()
UnityEngine.UnitySynchronizationContext:Exec()

[TutorialManager] -> LoadTutorialStep() Step:6 subStep:1
UnityEngine.DebugLogHandler:Internal_Log(LogType, LogOption, String, Object)
UnityEngine.DebugLogHandler:LogFormat(LogType, Object, String, Object[])
UnityEngine.Logger:Log(LogType, Object)
UnityEngine.Debug:Log(Object)
CMS.GameTutorial.TutorialManager:LoadTutorialStep(Int32, Int32, Boolean)
CMS.GameTutorial.TutorialManager:CarLifterOnOnCarLifterMid()
CMS.Garage.<>c__DisplayClass83_0:<MoveMedFromFloor>b__1()
LeanTween:update()

[TutorialManager] -> LoadTutorialStep() Step:6 subStep:2
UnityEngine.DebugLogHandler:Internal_Log(LogType, LogOption, String, Object)
UnityEngine.DebugLogHandler:LogFormat(LogType, Object, String, Object[])
UnityEngine.Logger:Log(LogType, Object)
UnityEngine.Debug:Log(Object)
CMS.GameTutorial.TutorialManager:LoadTutorialStep(Int32, Int32, Boolean)
CMS.GameTutorial.TutorialManager:CarLifterOnOnCarLifterUp()
CMS.Garage.<>c__DisplayClass84_0:<MoveUp>b__1()
LeanTween:update()

[TutorialManager] -> LoadTutorialStep() Step:6 subStep:2
UnityEngine.DebugLogHandler:Internal_Log(LogType, LogOption, String, Object)
UnityEngine.DebugLogHandler:LogFormat(LogType, Object, String, Object[])
UnityEngine.Logger:Log(LogType, Object)
UnityEngine.Debug:Log(Object)
CMS.GameTutorial.TutorialManager:LoadTutorialStep(Int32, Int32, Boolean)
CMS.GameTutorial.TutorialManager:OnModeChange(gameMode)
CMS.Core.GameMode:SetCurrentMode(gameMode)
CMS.UI.PieMenuController:Show()
CMS.UI.WindowManager:Show(WindowID, Boolean)
CMS.Core.GameScript:OpenPieMenuOnMachineIfShould(Boolean)
CMS.Core.GameScript:Update()

[TutorialManager] -> LoadTutorialStep() Step:6 subStep:3
UnityEngine.DebugLogHandler:Internal_Log(LogType, LogOption, String, Object)
UnityEngine.DebugLogHandler:LogFormat(LogType, Object, String, Object[])
UnityEngine.Logger:Log(LogType, Object)
UnityEngine.Debug:Log(Object)
CMS.GameTutorial.TutorialManager:LoadTutorialStep(Int32, Int32, Boolean)
CMS.GameTutorial.TutorialManager:OnModeChange(gameMode)
CMS.Core.GameMode:SetCurrentMode(gameMode)
CMS.UI.PieMenuController:<GetOnClick>b__79_72()
CMS.UI.PieMenuController:InvokeAction(PieMenuOption&)
CMS.UI.PieMenuController:HandleInput()
CMS.Core.GameScript:Update()

[TutorialManager] -> LoadTutorialStep() Step:6 subStep:2
UnityEngine.DebugLogHandler:Internal_Log(LogType, LogOption, String, Object)
UnityEngine.DebugLogHandler:LogFormat(LogType, Object, String, Object[])
UnityEngine.Logger:Log(LogType, Object)
UnityEngine.Debug:Log(Object)
CMS.GameTutorial.TutorialManager:LoadTutorialStep(Int32, Int32, Boolean)
CMS.GameTutorial.TutorialManager:OnModeChange(gameMode)
CMS.Core.GameMode:SetCurrentMode(gameMode)
CMS.Garage.Customization.GarageCustomizationManager:StopMovingObject(Boolean)
CMS.Garage.Customization.GarageCustomizationManager:LateUpdate()

[TutorialManager] -> LoadTutorialStep() Step:6 subStep:4
UnityEngine.DebugLogHandler:Internal_Log(LogType, LogOption, String, Object)
UnityEngine.DebugLogHandler:LogFormat(LogType, Object, String, Object[])
UnityEngine.Logger:Log(LogType, Object)
UnityEngine.Debug:Log(Object)
CMS.GameTutorial.TutorialManager:LoadTutorialStep(Int32, Int32, Boolean)
CMS.GameTutorial.TutorialManager:TutorialUseOilDrainer2()
CMS.GameTutorial.TutorialManager:LoadTutorialStep(Int32, Int32, Boolean)
CMS.GameTutorial.TutorialManager:OnModeChange(gameMode)
CMS.Core.GameMode:SetCurrentMode(gameMode)
CMS.Garage.Customization.GarageCustomizationManager:StopMovingObject(Boolean)
CMS.Garage.Customization.GarageCustomizationManager:LateUpdate()

[TutorialManager] -> LoadTutorialStep() Step:7 subStep:0
UnityEngine.DebugLogHandler:Internal_Log(LogType, LogOption, String, Object)
UnityEngine.DebugLogHandler:LogFormat(LogType, Object, String, Object[])
UnityEngine.Logger:Log(LogType, Object)
UnityEngine.Debug:Log(Object)
CMS.GameTutorial.TutorialManager:LoadTutorialStep(Int32, Int32, Boolean)
CMS.GameTutorial.TutorialManager:OnOilDrainerFinishWork()
CMS.Garage.Tools.<UseLogic>d__18:MoveNext()
UnityEngine.SetupCoroutine:InvokeMoveNext(IEnumerator, IntPtr)

[TutorialManager] -> LoadTutorialStep() Step:7 subStep:1
UnityEngine.DebugLogHandler:Internal_Log(LogType, LogOption, String, Object)
UnityEngine.DebugLogHandler:LogFormat(LogType, Object, String, Object[])
UnityEngine.Logger:Log(LogType, Object)
UnityEngine.Debug:Log(Object)
CMS.GameTutorial.TutorialManager:LoadTutorialStep(Int32, Int32, Boolean)
CMS.GameTutorial.TutorialManager:CheckEnterMechanicMode(gameMode)
CMS.Core.GameMode:SetPartSelectMode(Transform)
CMS.Helpers.GameScriptHelper:PartGroupAction(InteractiveObject, GameObject, CarLoader, Int32)
CMS.Core.GameScript:ClickIO(Int32)
Raycast:Garage()

[TutorialManager] -> LoadTutorialStep() Step:7 subStep:2
UnityEngine.DebugLogHandler:Internal_Log(LogType, LogOption, String, Object)
UnityEngine.DebugLogHandler:LogFormat(LogType, Object, String, Object[])
UnityEngine.Logger:Log(LogType, Object)
UnityEngine.Debug:Log(Object)
CMS.GameTutorial.TutorialManager:LoadTutorialStep(Int32, Int32, Boolean)
CMS.GameTutorial.TutorialManager:OnHideOilFilterFinished(PartScript)
CMS.Core.Car.<Hide>d__218:MoveNext()
UnityEngine.SetupCoroutine:InvokeMoveNext(IEnumerator, IntPtr)

[TutorialManager] -> LoadTutorialStep() Step:7 subStep:3
UnityEngine.DebugLogHandler:Internal_Log(LogType, LogOption, String, Object)
UnityEngine.DebugLogHandler:LogFormat(LogType, Object, String, Object[])
UnityEngine.Logger:Log(LogType, Object)
UnityEngine.Debug:Log(Object)
CMS.GameTutorial.TutorialManager:LoadTutorialStep(Int32, Int32, Boolean)
CMS.GameTutorial.TutorialManager:OnObjectPlaced(IEventData)
UnityEngine.Events.InvokableCall`1:Invoke(T1)
UnityEngine.Events.UnityEvent`1:Invoke(T0)
CMS.RedEvents.Runtime.GameEventWithData:Raise(IEventData)
CMS.Garage.Customization.GarageCustomizationManager:StopMovingObject(Boolean)
CMS.Garage.Customization.GarageCustomizationManager:LateUpdate()

[TutorialManager] -> LoadTutorialStep() Step:8 subStep:0
UnityEngine.DebugLogHandler:Internal_Log(LogType, LogOption, String, Object)
UnityEngine.DebugLogHandler:LogFormat(LogType, Object, String, Object[])
UnityEngine.Logger:Log(LogType, Object)
UnityEngine.Debug:Log(Object)
CMS.GameTutorial.TutorialManager:LoadTutorialStep(Int32, Int32, Boolean)
CMS.GameTutorial.TutorialManager:OnFinishMoveRemoveOilFilter()
CMS.Garage.<>c__DisplayClass86_0:<MoveDown>b__1()
LeanTween:update()

[TutorialManager] -> LoadTutorialStep() Step:8 subStep:1
UnityEngine.DebugLogHandler:Internal_Log(LogType, LogOption, String, Object)
UnityEngine.DebugLogHandler:LogFormat(LogType, Object, String, Object[])
UnityEngine.Logger:Log(LogType, Object)
UnityEngine.Debug:Log(Object)
CMS.GameTutorial.TutorialManager:LoadTutorialStep(Int32, Int32, Boolean)
CMS.GameTutorial.TutorialManager:OnWindowStateChange(IEventData)
UnityEngine.Events.InvokableCall`1:Invoke(T1)
UnityEngine.Events.UnityEvent`1:Invoke(T0)
CMS.RedEvents.Runtime.GameEventWithData:Raise(IEventData)
CMS.UI.WindowManager:SetWindowAsActive(WindowID, Boolean)
CMS.UI.Windows.CarInfoWindow:Show()
CMS.UI.WindowManager:Show(WindowID, Boolean)
CMS.UI.PieMenuController:<GetOnClick>b__79_28()
CMS.UI.PieMenuController:InvokeAction(PieMenuOption&)
CMS.UI.PieMenuController:HandleInput()
CMS.Core.GameScript:Update()

Too many sprite tiles on Image "Bars". The tile size will be increased. To remove the limit on the number of tiles, set the Wrap mode to Repeat in the Image Import Settings
UnityEngine.DebugLogHandler:Internal_Log(LogType, LogOption, String, Object)
UnityEngine.DebugLogHandler:LogFormat(LogType, Object, String, Object[])
UnityEngine.Logger:Log(LogType, Object, Object)
UnityEngine.Debug:LogError(Object, Object)
UnityEngine.UI.Image:GenerateTiledSprite(VertexHelper)
UnityEngine.UI.Graphic:DoMeshGeneration()
UnityEngine.UI.Graphic:Rebuild(CanvasUpdate)
UnityEngine.UI.CanvasUpdateRegistry:PerformUpdate()

[TutorialManager] -> LoadTutorialStep() Step:8 subStep:2
UnityEngine.DebugLogHandler:Internal_Log(LogType, LogOption, String, Object)
UnityEngine.DebugLogHandler:LogFormat(LogType, Object, String, Object[])
UnityEngine.Logger:Log(LogType, Object)
UnityEngine.Debug:Log(Object)
CMS.GameTutorial.TutorialManager:LoadTutorialStep(Int32, Int32, Boolean)
CMS.GameTutorial.TutorialManager:HideOrderTab()
CMS.UI.Logic.Shop.List_.Managers.ShopListManager:AddToList(IShopListItem, Boolean)
CMS.UI.Logic.CarInfo.Controls.PartListItem:AddToShopList()
CMS.UI.Logic.CarInfo.Controls.PartListItem:AddToShopList(IconState)
UnityEngine.EventSystems.ExecuteEvents:Execute(GameObject, BaseEventData, EventFunction`1)
UnityEngine.InputSystem.UI.InputSystemUIInputModule:ProcessPointerButton(ButtonState&, PointerEventData)
UnityEngine.InputSystem.UI.InputSystemUIInputModule:ProcessPointer(PointerModel&)
UnityEngine.InputSystem.UI.InputSystemUIInputModule:Process()
UnityEngine.EventSystems.EventSystem:Update()

[TutorialManager] -> LoadTutorialStep() Step:8 subStep:3
UnityEngine.DebugLogHandler:Internal_Log(LogType, LogOption, String, Object)
UnityEngine.DebugLogHandler:LogFormat(LogType, Object, String, Object[])
UnityEngine.Logger:Log(LogType, Object)
UnityEngine.Debug:Log(Object)
CMS.GameTutorial.TutorialManager:LoadTutorialStep(Int32, Int32, Boolean)
CMS.GameTutorial.TutorialManager:OnPartSelectMode()
CMS.Core.GameMode:SetPartSelectMode(Transform)
CMS.Helpers.GameScriptHelper:PartGroupAction(InteractiveObject, GameObject, CarLoader, Int32)
CMS.Core.GameScript:ClickIO(Int32)
Raycast:Garage()

[TutorialManager] -> LoadTutorialStep() Step:8 subStep:4
UnityEngine.DebugLogHandler:Internal_Log(LogType, LogOption, String, Object)
UnityEngine.DebugLogHandler:LogFormat(LogType, Object, String, Object[])
UnityEngine.Logger:Log(LogType, Object)
UnityEngine.Debug:Log(Object)
CMS.GameTutorial.TutorialManager:LoadTutorialStep(Int32, Int32, Boolean)
CMS.GameTutorial.TutorialManager:OnHidePartFinished(PartScript)
CMS.Core.Car.<Hide>d__218:MoveNext()
UnityEngine.SetupCoroutine:InvokeMoveNext(IEnumerator, IntPtr)

[TutorialManager] -> LoadTutorialStep() Step:8 subStep:5
UnityEngine.DebugLogHandler:Internal_Log(LogType, LogOption, String, Object)
UnityEngine.DebugLogHandler:LogFormat(LogType, Object, String, Object[])
UnityEngine.Logger:Log(LogType, Object)
UnityEngine.Debug:Log(Object)
CMS.GameTutorial.TutorialManager:LoadTutorialStep(Int32, Int32, Boolean)
CMS.GameTutorial.TutorialManager:BatteryChargerToolOnOnFinishedWorking()
CMS.Garage.Tools.BatteryCharger:OnSecondUpdateEvent(Int32)
CMS.Core.TimeManagement.TimeManager:SendEvents()
CMS.Core.TimeManagement.TimeManager:FixedUpdateNetwork()
Fusion.SimulationBehaviourUpdater:InvokeFixedUpdateNetwork(SimulationStages, SimulationModes, Topologies)
Fusion.NetworkRunner:Fusion.Simulation.ICallbacks.OnTick()
Fusion.Simulation:InvokeTick(SimulationStages, Boolean)
Fusion.Simulation:StepSimulation(SimulationStages, Boolean, Boolean, Boolean)
Fusion.Simulation:Update(Double)
Fusion.NetworkRunner:UpdateInternal(Double)
Fusion.NetworkRunnerUpdaterDefault:InvokeUpdate()

[PauseQuitWindow25] -> AskForQuit() Exit game
UnityEngine.DebugLogHandler:Internal_Log(LogType, LogOption, String, Object)
UnityEngine.DebugLogHandler:LogFormat(LogType, Object, String, Object[])
UnityEngine.Logger:Log(LogType, Object)
UnityEngine.Debug:Log(Object)
CMS.UI.Windows.<>c__DisplayClass39_0:<AskForQuit>g__Action|0(Boolean)
CMS.UI.Windows.AskWindow:AcceptAction()
UnityEngine.EventSystems.ExecuteEvents:Execute(GameObject, BaseEventData, EventFunction`1)
UnityEngine.InputSystem.UI.InputSystemUIInputModule:ProcessPointerButton(ButtonState&, PointerEventData)
UnityEngine.InputSystem.UI.InputSystemUIInputModule:ProcessPointer(PointerModel&)
UnityEngine.InputSystem.UI.InputSystemUIInputModule:Process()
UnityEngine.EventSystems.EventSystem:Update()

[GarageCustomizationManager] -> UnregisterGameModeEvents() GameMode does not exists!
UnityEngine.DebugLogHandler:Internal_Log(LogType, LogOption, String, Object)
UnityEngine.DebugLogHandler:LogFormat(LogType, Object, String, Object[])
UnityEngine.Logger:Log(LogType, Object)
UnityEngine.Debug:LogWarning(Object)
CMS.Garage.Customization.GarageCustomizationManager:OnDestroy()

[Physics::Module] Cleanup current backend.
[Physics::Module] Id: 0xf2b8ea05
Input System module state changed to: ShutdownInProgress.
Input System polling thread exited.
Input System module state changed to: Shutdown.
